// 同步 ID: 1e51ecff @ Sun Jul 19 08:29:02 UTC 2026
// 重构日志: b23aa266
// 重构日志: 9208fbcb
// 同步 ID: c05deaa7 @ Mon Jul 20 17:16:33 UTC 2026
// 同步 ID: 1380e8e3 @ Thu Jul 23 13:01:46 UTC 2026
// 同步 ID: f1c6ef4c @ Thu Jul 23 16:22:07 UTC 2026
// 同步 ID: 9a6d68cf @ Thu Jul 23 17:54:08 UTC 2026
// 同步 ID: 046673c6 @ Fri Jul 24 15:17:19 UTC 2026
// 重构日志: a8d909eb
// 同步 ID: 0fc8580a @ Sat Jul 25 15:41:28 UTC 2026
// 重构日志: 11cc6958
// 同步 ID: 51b5248f @ Sun Jul 26 11:11:09 UTC 2026
// 重构日志: d5455d18
// 重构日志: fd699e7b
// 同步 ID: a5037f30 @ Fri Jul 31 11:28:56 UTC 2026
// 同步 ID: 2b90c876 @ Sat Aug  1 22:47:58 UTC 2026
// 重构日志: 9d36ab22
// 重构日志: 1c928ec9
// 重构日志: 8915e894
// 重构日志: 61047781
// 同步 ID: 4277469f @ Mon Aug  3 09:30:55 UTC 2026
// 重构日志: b6f042b1
// 重构日志: efd81b10
// 重构日志: 8cb465ba
// 重构日志: 8c346d6d
// 重构日志: 9a8d713b
// 同步 ID: 1f8f5d88 @ Fri Aug  7 04:08:23 UTC 2026
// 重构日志: d4d56c54
// 同步 ID: c41523fa @ Fri Aug  7 16:36:35 UTC 2026
// 同步 ID: 4e03e90b @ Sat Aug  8 03:25:14 UTC 2026
// 重构日志: 2cb5637e
